<?xml version="1.0" encoding="UTF-8"?>
<testsuites name="jest tests" tests="1" failures="1" errors="0" time="1.195">
  <testsuite name="undefined" errors="0" failures="1" skipped="0" timestamp="2025-09-18T09:05:21" time="1.099" tests="1">
    <testcase classname="" name="NO-CONTAINERS: POST /todos then GET /todos should include created todo" time="0.001">
      <failure>Error: connect ECONNREFUSED 127.0.0.1:5432
    at /workspaces/test-containers-demo/node_modules/pg-pool/index.js:45:11
    at processTicksAndRejections (node:internal/process/task_queues:95:5)
    at initDb (/workspaces/test-containers-demo/src/db.js:28:3)
    at Object.&lt;anonymous&gt; (/workspaces/test-containers-demo/tests-legacy-no-containers/02_todos.no-containers.test.js:8:3)</failure>
    </testcase>
  </testsuite>
</testsuites>